<h1>Title</h1>
<p>This is a <sup class="group prose-a:no-underline prose-a:font-normal"><a href="http://localhost:666" target="_blank">[1]</a> <span class="invisible absolute -top-0 left-5 z-10 w-max truncate italic bg-v-pink px-2 py-3 text-center text-v-white group-hover:visible"></span></sup> to a reference.</p>
