<h1 id="title">Title<a href="#title" class="ml-2 text-v-gray no-underline hover:text-v-lilac">#</a></h1>
<p>A paragraph.</p>
<h2 id="subtitle">Subtitle<a href="#subtitle" class="ml-2 text-v-gray no-underline hover:text-v-lilac">#</a></h2>
<p>Another paragraph.</p>
