<h1 id="title">Title<a href="#title" class="ml-2 text-v-gray no-underline hover:text-v-lilac">#</a></h1>
<blockquote>
<p>[!NOTE]
Highlights information that users should take into account, even when skimming.
Another line.</p>
<p>A break in the line.</p>
<p>Then some <code>code blocks</code>.</p>
</blockquote>
<blockquote>
<p>[!WARNING]
A warning this time.</p>
</blockquote>
<blockquote>
<p>[!NOTE]
A totally heinoius note.</p>
</blockquote>
<pre><code class="language-bash">terraform init
</code></pre>
<blockquote>
<p>[!NOTE]
If you are working with local modules then there is no need to run <code>terraform init</code> before the scan as all files are already present, but remote modules must be fetched in to the <code>.terraform</code> folder before a scan.</p>
</blockquote>
<p>Simplest way to run a Trivy misconfiguration scan is to point it at your current folder:</p>
<pre><code class="language-bash">trivy config .
</code></pre>
